// Jest Snapshot v1, https://goo.gl/fbAQLP

exports[`should render HomePage correctly 1`] = `
ShallowWrapper {
  Symbol(enzyme.__root__): [Circular],
  Symbol(enzyme.__unrendered__): <HomePage />,
  Symbol(enzyme.__renderer__): Object {
    "batchedUpdates": [Function],
    "getNode": [Function],
    "render": [Function],
    "simulateError": [Function],
    "simulateEvent": [Function],
    "unmount": [Function],
  },
  Symbol(enzyme.__node__): Object {
    "instance": null,
    "key": undefined,
    "nodeType": "host",
    "props": Object {
      "children": Array [
        <HelmetWrapper
          defaultTitle="RepNote"
          defer={true}
          encodeSpecialCharacters={true}
          titleTemplate="RepNote"
        >
          <meta
            content="RepNote"
            name="description"
          />
        </HelmetWrapper>,
        <div
          className="hero"
        >
          <div
            className="hero__container"
          >
            <div
              className="hero__text"
            >
              <PageHeading
                subtitle="Create your trainings and share them to people."
                title="RepNote"
              />
              <Link
                className="hero__link"
                replace={false}
                to="/login"
              >
                Login
              </Link>
              <Link
                className="hero__link"
                replace={false}
                to="/register"
              >
                Register
              </Link>
            </div>
          </div>
        </div>,
      ],
    },
    "ref": null,
    "rendered": Array [
      Object {
        "instance": null,
        "key": undefined,
        "nodeType": "class",
        "props": Object {
          "children": <meta
            content="RepNote"
            name="description"
          />,
          "defaultTitle": "RepNote",
          "defer": true,
          "encodeSpecialCharacters": true,
          "titleTemplate": "RepNote",
        },
        "ref": null,
        "rendered": Object {
          "instance": null,
          "key": undefined,
          "nodeType": "host",
          "props": Object {
            "content": "RepNote",
            "name": "description",
          },
          "ref": null,
          "rendered": null,
          "type": "meta",
        },
        "type": [Function],
      },
      Object {
        "instance": null,
        "key": undefined,
        "nodeType": "host",
        "props": Object {
          "children": <div
            className="hero__container"
          >
            <div
              className="hero__text"
            >
              <PageHeading
                subtitle="Create your trainings and share them to people."
                title="RepNote"
              />
              <Link
                className="hero__link"
                replace={false}
                to="/login"
              >
                Login
              </Link>
              <Link
                className="hero__link"
                replace={false}
                to="/register"
              >
                Register
              </Link>
            </div>
          </div>,
          "className": "hero",
        },
        "ref": null,
        "rendered": Object {
          "instance": null,
          "key": undefined,
          "nodeType": "host",
          "props": Object {
            "children": <div
              className="hero__text"
            >
              <PageHeading
                subtitle="Create your trainings and share them to people."
                title="RepNote"
              />
              <Link
                className="hero__link"
                replace={false}
                to="/login"
              >
                Login
              </Link>
              <Link
                className="hero__link"
                replace={false}
                to="/register"
              >
                Register
              </Link>
            </div>,
            "className": "hero__container",
          },
          "ref": null,
          "rendered": Object {
            "instance": null,
            "key": undefined,
            "nodeType": "host",
            "props": Object {
              "children": Array [
                <PageHeading
                  subtitle="Create your trainings and share them to people."
                  title="RepNote"
                />,
                <Link
                  className="hero__link"
                  replace={false}
                  to="/login"
                >
                  Login
                </Link>,
                <Link
                  className="hero__link"
                  replace={false}
                  to="/register"
                >
                  Register
                </Link>,
              ],
              "className": "hero__text",
            },
            "ref": null,
            "rendered": Array [
              Object {
                "instance": null,
                "key": undefined,
                "nodeType": "function",
                "props": Object {
                  "subtitle": "Create your trainings and share them to people.",
                  "title": "RepNote",
                },
                "ref": null,
                "rendered": null,
                "type": [Function],
              },
              Object {
                "instance": null,
                "key": undefined,
                "nodeType": "class",
                "props": Object {
                  "children": "Login",
                  "className": "hero__link",
                  "replace": false,
                  "to": "/login",
                },
                "ref": null,
                "rendered": "Login",
                "type": [Function],
              },
              Object {
                "instance": null,
                "key": undefined,
                "nodeType": "class",
                "props": Object {
                  "children": "Register",
                  "className": "hero__link",
                  "replace": false,
                  "to": "/register",
                },
                "ref": null,
                "rendered": "Register",
                "type": [Function],
              },
            ],
            "type": "div",
          },
          "type": "div",
        },
        "type": "div",
      },
    ],
    "type": "div",
  },
  Symbol(enzyme.__nodes__): Array [
    Object {
      "instance": null,
      "key": undefined,
      "nodeType": "host",
      "props": Object {
        "children": Array [
          <HelmetWrapper
            defaultTitle="RepNote"
            defer={true}
            encodeSpecialCharacters={true}
            titleTemplate="RepNote"
          >
            <meta
              content="RepNote"
              name="description"
            />
          </HelmetWrapper>,
          <div
            className="hero"
          >
            <div
              className="hero__container"
            >
              <div
                className="hero__text"
              >
                <PageHeading
                  subtitle="Create your trainings and share them to people."
                  title="RepNote"
                />
                <Link
                  className="hero__link"
                  replace={false}
                  to="/login"
                >
                  Login
                </Link>
                <Link
                  className="hero__link"
                  replace={false}
                  to="/register"
                >
                  Register
                </Link>
              </div>
            </div>
          </div>,
        ],
      },
      "ref": null,
      "rendered": Array [
        Object {
          "instance": null,
          "key": undefined,
          "nodeType": "class",
          "props": Object {
            "children": <meta
              content="RepNote"
              name="description"
            />,
            "defaultTitle": "RepNote",
            "defer": true,
            "encodeSpecialCharacters": true,
            "titleTemplate": "RepNote",
          },
          "ref": null,
          "rendered": Object {
            "instance": null,
            "key": undefined,
            "nodeType": "host",
            "props": Object {
              "content": "RepNote",
              "name": "description",
            },
            "ref": null,
            "rendered": null,
            "type": "meta",
          },
          "type": [Function],
        },
        Object {
          "instance": null,
          "key": undefined,
          "nodeType": "host",
          "props": Object {
            "children": <div
              className="hero__container"
            >
              <div
                className="hero__text"
              >
                <PageHeading
                  subtitle="Create your trainings and share them to people."
                  title="RepNote"
                />
                <Link
                  className="hero__link"
                  replace={false}
                  to="/login"
                >
                  Login
                </Link>
                <Link
                  className="hero__link"
                  replace={false}
                  to="/register"
                >
                  Register
                </Link>
              </div>
            </div>,
            "className": "hero",
          },
          "ref": null,
          "rendered": Object {
            "instance": null,
            "key": undefined,
            "nodeType": "host",
            "props": Object {
              "children": <div
                className="hero__text"
              >
                <PageHeading
                  subtitle="Create your trainings and share them to people."
                  title="RepNote"
                />
                <Link
                  className="hero__link"
                  replace={false}
                  to="/login"
                >
                  Login
                </Link>
                <Link
                  className="hero__link"
                  replace={false}
                  to="/register"
                >
                  Register
                </Link>
              </div>,
              "className": "hero__container",
            },
            "ref": null,
            "rendered": Object {
              "instance": null,
              "key": undefined,
              "nodeType": "host",
              "props": Object {
                "children": Array [
                  <PageHeading
                    subtitle="Create your trainings and share them to people."
                    title="RepNote"
                  />,
                  <Link
                    className="hero__link"
                    replace={false}
                    to="/login"
                  >
                    Login
                  </Link>,
                  <Link
                    className="hero__link"
                    replace={false}
                    to="/register"
                  >
                    Register
                  </Link>,
                ],
                "className": "hero__text",
              },
              "ref": null,
              "rendered": Array [
                Object {
                  "instance": null,
                  "key": undefined,
                  "nodeType": "function",
                  "props": Object {
                    "subtitle": "Create your trainings and share them to people.",
                    "title": "RepNote",
                  },
                  "ref": null,
                  "rendered": null,
                  "type": [Function],
                },
                Object {
                  "instance": null,
                  "key": undefined,
                  "nodeType": "class",
                  "props": Object {
                    "children": "Login",
                    "className": "hero__link",
                    "replace": false,
                    "to": "/login",
                  },
                  "ref": null,
                  "rendered": "Login",
                  "type": [Function],
                },
                Object {
                  "instance": null,
                  "key": undefined,
                  "nodeType": "class",
                  "props": Object {
                    "children": "Register",
                    "className": "hero__link",
                    "replace": false,
                    "to": "/register",
                  },
                  "ref": null,
                  "rendered": "Register",
                  "type": [Function],
                },
              ],
              "type": "div",
            },
            "type": "div",
          },
          "type": "div",
        },
      ],
      "type": "div",
    },
  ],
  Symbol(enzyme.__options__): Object {
    "adapter": ReactSixteenAdapter {
      "options": Object {
        "enableComponentDidUpdateOnSetState": true,
        "lifecycles": Object {
          "componentDidUpdate": Object {
            "onSetState": true,
          },
          "getDerivedStateFromProps": true,
          "getSnapshotBeforeUpdate": true,
          "setState": Object {
            "skipsComponentDidUpdateOnNullish": true,
          },
        },
      },
    },
  },
}
`;
